
> client@0.0.0 build
> ng build

[33mΓ¥»[39m Building...
[32mΓ£ö[39m Building...
Application bundle generation failed. [6.211 seconds] - 2026-03-21T12:28:02.935Z

node.exe : 
[1m[33m[33mΓû▓ [43;
33m[[43;30mWARNING[43
;33m][0m [1mNG8113: 
RouterLink is not used 
within the template of 
Checkout[0m 
[1m[35m[plugin 
angular-compiler][0m
At line:1 char:1
+ & "C:\Program 
Files\nodejs/node.exe" 
"C:\Users\Raj\AppData\R
oaming\np ...
+ ~~~~~~~~~~~~~~~~~~~~~
~~~~~~~~~~~~~~~~~~~~~~~
~~~~~~~~~~~~~~~~~~~~~~~
~~
    + CategoryInfo     
         : NotSpecifi  
  ed: ([1m[33m[33   
 mΓ...r-compiler][    
0m:String) [], Rem    
oteException
    + FullyQualifiedEr 
   rorId : NativeComm  
  andError
 

    src/app/components/
checkout/checkout.ts:12
:41:
[37m      12 Γöé     
imports: 
[CommonModule, 
FormsModule, 
[32mRouterLink[37m],
         Γò╡           
                       
        
[32m~~~~~~~~~~[0m

[39m[22m
[1m[31m[31mX [41;31
m[[41;97mERROR[41;31m
][0m [1mTS2769: No 
overload matches this 
call.
  Overload 1 of 3, 
'(value: string): 
string', gave the 
following error.
    Argument of type 
'unknown[]' is not 
assignable to 
parameter of type 
'string'.
  Overload 2 of 3, 
'(value: null | 
undefined): null', 
gave the following 
error.
    Argument of type 
'unknown[]' is not 
assignable to 
parameter of type 
'null | undefined'.
  Overload 3 of 3, 
'(value: string | null 
| undefined): string | 
null', gave the 
following error.
    Argument of type 
'unknown[]' is not 
assignable to 
parameter of type 
'string'.[0m 
[1m[35m[plugin 
angular-compiler][0m

    src/app/components/
admin/dashboard/dashboa
rd.html:91:76:
[37m      91 Γöé ...ss
="text-gray-500">#{{ 
order._id | 
[32mslice[37m: -6 | 
uppercase }}</span>
         Γò╡           
                       
     [32m~~~~~[0m

  Error occurs in the 
template of component 
AdminDashboard.

    src/app/components/
admin/dashboard/dashboa
rd.ts:10:17:
[37m      10 Γöé     
templateUrl: [32m'./da
shboard.html'[37m,
         Γò╡           
       [32m~~~~~~~~~~~
~~~~~~~[0m

[39m[22m
